******************************************************************************
  TMS320C2000 Evaluation Linker PC v5.2.1                      
******************************************************************************
>> Linked Thu Aug 20 19:12:11 2020

OUTPUT FILE NAME:   <modify_test1.out>
ENTRY POINT SYMBOL: "_c_int00"  address: 0000d355


MEMORY CONFIGURATION

         name            origin    length      used     unused   attr    fill
----------------------  --------  ---------  --------  --------  ----  --------
PAGE 0:
  BEGINRAM              00000000   00000002  00000002  00000000  RWIX
  RAMM0                 00000002   000003fe  00000000  000003fe  RWIX
  RAML4L7               0000c000   00004000  00001622  000029de  RWIX
  ZONE7P                00200000   00010000  00000000  00010000  RWIX
  FLASH                 00300000   0003fff6  00000000  0003fff6  RWIX
  BEGINFLASH            0033fff6   00000002  00000000  00000002  RWIX
  ADC_CAL               00380080   00000009  00000007  00000002  RWIX
  OTP                   00380400   00000400  00000000  00000400  RWIX
  CSM_PWL               003f7ff8   00000008  00000000  00000008  RWIX
  IQTABLES              003fe000   00000b50  00000000  00000b50  RWIX
  IQTABLES2             003feb50   0000008c  00000000  0000008c  RWIX
  FPUTABLES             003febdc   000006a0  00000000  000006a0  RWIX
  ROM                   003ff27c   00000d44  00000000  00000d44  RWIX
  RESET                 003fffc0   00000002  00000000  00000002  RWIX
  VECTORS               003fffc2   0000003e  00000000  0000003e  RWIX

PAGE 1:
  RAMM1                 00000400   00000400  00000200  00000200  RWIX
  DEV_EMU               00000880   00000180  000000d0  000000b0  RWIX
  FLASH_REGS            00000a80   00000060  00000008  00000058  RWIX
  CSM                   00000ae0   00000010  00000010  00000000  RWIX
  ADC_MIRROR            00000b00   00000010  00000010  00000000  RWIX
  XINTF                 00000b20   00000020  0000001e  00000002  RWIX
  CPU_TIMER0            00000c00   00000008  00000008  00000000  RWIX
  CPU_TIMER1            00000c08   00000008  00000008  00000000  RWIX
  CPU_TIMER2            00000c10   00000008  00000008  00000000  RWIX
  PIE_CTRL              00000ce0   00000020  0000001a  00000006  RWIX
  PIE_VECT              00000d00   00000100  00000100  00000000  RWIX
  DMA                   00001000   00000200  000000e0  00000120  RWIX
  MCBSPA                00005000   00000040  00000025  0000001b  RWIX
  MCBSPB                00005040   00000040  00000025  0000001b  RWIX
  ECANA                 00006000   00000040  00000034  0000000c  RWIX
  ECANA_LAM             00006040   00000040  00000040  00000000  RWIX
  ECANA_MOTS            00006080   00000040  00000040  00000000  RWIX
  ECANA_MOTO            000060c0   00000040  00000040  00000000  RWIX
  ECANA_MBOX            00006100   00000100  00000100  00000000  RWIX
  ECANB                 00006200   00000040  00000034  0000000c  RWIX
  ECANB_LAM             00006240   00000040  00000040  00000000  RWIX
  ECANB_MOTS            00006280   00000040  00000040  00000000  RWIX
  ECANB_MOTO            000062c0   00000040  00000040  00000000  RWIX
  ECANB_MBOX            00006300   00000100  00000100  00000000  RWIX
  EPWM1                 00006800   00000022  00000022  00000000  RWIX
  EPWM2                 00006840   00000022  00000022  00000000  RWIX
  EPWM3                 00006880   00000022  00000022  00000000  RWIX
  EPWM4                 000068c0   00000022  00000022  00000000  RWIX
  EPWM5                 00006900   00000022  00000022  00000000  RWIX
  EPWM6                 00006940   00000022  00000022  00000000  RWIX
  ECAP1                 00006a00   00000020  00000020  00000000  RWIX
  ECAP2                 00006a20   00000020  00000020  00000000  RWIX
  ECAP3                 00006a40   00000020  00000020  00000000  RWIX
  ECAP4                 00006a60   00000020  00000020  00000000  RWIX
  ECAP5                 00006a80   00000020  00000020  00000000  RWIX
  ECAP6                 00006aa0   00000020  00000020  00000000  RWIX
  EQEP1                 00006b00   00000040  00000040  00000000  RWIX
  EQEP2                 00006b40   00000040  00000040  00000000  RWIX
  GPIOCTRL              00006f80   00000040  0000002e  00000012  RWIX
  GPIODAT               00006fc0   00000020  00000020  00000000  RWIX
  GPIOINT               00006fe0   00000020  0000000a  00000016  RWIX
  SYSTEM                00007010   00000020  00000020  00000000  RWIX
  SPIA                  00007040   00000010  00000010  00000000  RWIX
  SCIA                  00007050   00000010  00000010  00000000  RWIX
  XINTRUPT              00007070   00000010  00000010  00000000  RWIX
  ADC                   00007100   00000020  0000001e  00000002  RWIX
  SCIB                  00007750   00000010  00000010  00000000  RWIX
  SCIC                  00007770   00000010  00000010  00000000  RWIX
  I2CA                  00007900   00000040  00000022  0000001e  RWIX
  RAML0L3               00008000   00004000  00000181  00003e7f  RWIX
  ZONE7D                00210000   00010000  00000000  00010000  RWIX
  CSM_PWL               0033fff8   00000008  00000008  00000000  RWIX


SECTION ALLOCATION MAP

 output                                  attributes/
section   page    origin      length       input sections
--------  ----  ----------  ----------   ----------------
.pinit     0    0000c000    00000000     UNINITIALIZED

codestart 
*          0    00000000    00000002     
                  00000000    00000002     DSP2833x_CodeStartBranch.obj (codestart)

.text      0    0000c000    000015a3     
                  0000c000    00000537     modify_test1.obj (.text)
                  0000c537    0000040c     DSP2833x_DMA.obj (.text)
                  0000c943    00000316     DSP2833x_DefaultIsr.obj (.text)
                  0000cc59    000000f5     DSP2833x_SysCtrl.obj (.text)
                  0000cd4e    000000b0     MW_c28xx_csl.obj (.text)
                  0000cdfe    00000088     rts2800_fpu32.lib : fs_div.obj (.text)
                  0000ce86    00000084     MW_c28xx_qep.obj (.text)
                  0000cf0a    0000007f     MW_c28xx_board.obj (.text)
                  0000cf89    00000079     DSP2833x_CpuTimers.obj (.text)
                  0000d002    00000075     rts2800_fpu32.lib : asin.obj (.text)
                  0000d077    00000074     rt_nonfinite.obj (.text)
                  0000d0eb    0000006d     rts2800_fpu32.lib : exp.obj (.text)
                  0000d158    0000005e                       : cos.obj (.text)
                  0000d1b6    0000005c                       : sin.obj (.text)
                  0000d212    00000058                       : pow.obj (.text)
                  0000d26a    00000052     DSP28xx_SciUtil.obj (.text)
                  0000d2bc    0000004e     rts2800_fpu32.lib : _log.obj (.text)
                  0000d30a    0000004b     modify_test1_main.obj (.text)
                  0000d355    00000046     rts2800_fpu32.lib : boot.obj (.text)
                  0000d39b    00000044     rtGetInf.obj (.text)
                  0000d3df    00000039     rts2800_fpu32.lib : ldexp.obj (.text)
                  0000d418    00000032                       : fmod.obj (.text)
                  0000d44a    00000028     DSP2833x_PieCtrl.obj (.text)
                  0000d472    00000026     rtGetNaN.obj (.text)
                  0000d498    00000022     rts2800_fpu32.lib : i_div.obj (.text)
                  0000d4ba    00000020     DSP2833x_PieVect.obj (.text)
                  0000d4da    00000020     rts2800_fpu32.lib : sqrt.obj (.text)
                  0000d4fa    0000001b                       : args_main.obj (.text)
                  0000d515    0000001a                       : modf.obj (.text)
                  0000d52f    00000019                       : exit.obj (.text)
                  0000d548    00000017     DSP2833x_MemCopy.obj (.text)
                  0000d55f    00000016     MW_c28xx_pwm.obj (.text)
                  0000d575    00000016     rts2800_fpu32.lib : frexp.obj (.text)
                  0000d58b    00000009                       : _lock.obj (.text)
                  0000d594    00000008     DSP2833x_CodeStartBranch.obj (.text)
                  0000d59c    00000007     rts2800_fpu32.lib : memset.obj (.text)

.cinit     0    0000d5a3    00000060     
                  0000d5a3    0000003e     modify_test1_data.obj (.cinit)
                  0000d5e1    0000000a     rts2800_fpu32.lib : _lock.obj (.cinit)
                  0000d5eb    0000000a                       : exit.obj (.cinit)
                  0000d5f5    00000008     modify_test1_main.obj (.cinit)
                  0000d5fd    00000004     rts2800_fpu32.lib : errno.obj (.cinit)
                  0000d601    00000002     --HOLE-- [fill = 0]

ramfuncs   0    0000d603    0000001f     
                  0000d603    0000001b     DSP2833x_SysCtrl.obj (ramfuncs)
                  0000d61e    00000004     DSP2833x_usDelay.obj (ramfuncs)

.adc_cal   0    00380080    00000007     NOLOAD SECTION
                  00380080    00000007     DSP2833x_ADC_cal.obj (.adc_cal)

.reset     0    003fffc0    00000002     DSECT
                  003fffc0    00000002     rts2800_fpu32.lib : boot.obj (.reset)

.stack     1    00000400    00000200     UNINITIALIZED
                  00000400    00000200     --HOLE--

DevEmuRegsFile 
*          1    00000880    000000d0     UNINITIALIZED
                  00000880    000000d0     DSP2833x_GlobalVariableDefs.obj (DevEmuRegsFile)

FlashRegsFile 
*          1    00000a80    00000008     UNINITIALIZED
                  00000a80    00000008     DSP2833x_GlobalVariableDefs.obj (FlashRegsFile)

CsmRegsFile 
*          1    00000ae0    00000010     UNINITIALIZED
                  00000ae0    00000010     DSP2833x_GlobalVariableDefs.obj (CsmRegsFile)

AdcMirrorFile 
*          1    00000b00    00000010     UNINITIALIZED
                  00000b00    00000010     DSP2833x_GlobalVariableDefs.obj (AdcMirrorFile)

XintfRegsFile 
*          1    00000b20    0000001e     UNINITIALIZED
                  00000b20    0000001e     DSP2833x_GlobalVariableDefs.obj (XintfRegsFile)

CpuTimer0RegsFile 
*          1    00000c00    00000008     UNINITIALIZED
                  00000c00    00000008     DSP2833x_GlobalVariableDefs.obj (CpuTimer0RegsFile)

CpuTimer1RegsFile 
*          1    00000c08    00000008     UNINITIALIZED
                  00000c08    00000008     DSP2833x_GlobalVariableDefs.obj (CpuTimer1RegsFile)

CpuTimer2RegsFile 
*          1    00000c10    00000008     UNINITIALIZED
                  00000c10    00000008     DSP2833x_GlobalVariableDefs.obj (CpuTimer2RegsFile)

PieCtrlRegsFile 
*          1    00000ce0    0000001a     UNINITIALIZED
                  00000ce0    0000001a     DSP2833x_GlobalVariableDefs.obj (PieCtrlRegsFile)

PieVectTableFile 
*          1    00000d00    00000100     UNINITIALIZED
                  00000d00    00000100     DSP2833x_GlobalVariableDefs.obj (PieVectTableFile)

DmaRegsFile 
*          1    00001000    000000e0     UNINITIALIZED
                  00001000    000000e0     DSP2833x_GlobalVariableDefs.obj (DmaRegsFile)

McbspaRegsFile 
*          1    00005000    00000025     UNINITIALIZED
                  00005000    00000025     DSP2833x_GlobalVariableDefs.obj (McbspaRegsFile)

McbspbRegsFile 
*          1    00005040    00000025     UNINITIALIZED
                  00005040    00000025     DSP2833x_GlobalVariableDefs.obj (McbspbRegsFile)

ECanaRegsFile 
*          1    00006000    00000034     UNINITIALIZED
                  00006000    00000034     DSP2833x_GlobalVariableDefs.obj (ECanaRegsFile)

ECanaLAMRegsFile 
*          1    00006040    00000040     UNINITIALIZED
                  00006040    00000040     DSP2833x_GlobalVariableDefs.obj (ECanaLAMRegsFile)

ECanaMOTSRegsFile 
*          1    00006080    00000040     UNINITIALIZED
                  00006080    00000040     DSP2833x_GlobalVariableDefs.obj (ECanaMOTSRegsFile)

ECanaMOTORegsFile 
*          1    000060c0    00000040     UNINITIALIZED
                  000060c0    00000040     DSP2833x_GlobalVariableDefs.obj (ECanaMOTORegsFile)

ECanaMboxesFile 
*          1    00006100    00000100     UNINITIALIZED
                  00006100    00000100     DSP2833x_GlobalVariableDefs.obj (ECanaMboxesFile)

ECanbRegsFile 
*          1    00006200    00000034     UNINITIALIZED
                  00006200    00000034     DSP2833x_GlobalVariableDefs.obj (ECanbRegsFile)

ECanbLAMRegsFile 
*          1    00006240    00000040     UNINITIALIZED
                  00006240    00000040     DSP2833x_GlobalVariableDefs.obj (ECanbLAMRegsFile)

ECanbMOTSRegsFile 
*          1    00006280    00000040     UNINITIALIZED
                  00006280    00000040     DSP2833x_GlobalVariableDefs.obj (ECanbMOTSRegsFile)

ECanbMOTORegsFile 
*          1    000062c0    00000040     UNINITIALIZED
                  000062c0    00000040     DSP2833x_GlobalVariableDefs.obj (ECanbMOTORegsFile)

ECanbMboxesFile 
*          1    00006300    00000100     UNINITIALIZED
                  00006300    00000100     DSP2833x_GlobalVariableDefs.obj (ECanbMboxesFile)

EPwm1RegsFile 
*          1    00006800    00000022     UNINITIALIZED
                  00006800    00000022     DSP2833x_GlobalVariableDefs.obj (EPwm1RegsFile)

EPwm2RegsFile 
*          1    00006840    00000022     UNINITIALIZED
                  00006840    00000022     DSP2833x_GlobalVariableDefs.obj (EPwm2RegsFile)

EPwm3RegsFile 
*          1    00006880    00000022     UNINITIALIZED
                  00006880    00000022     DSP2833x_GlobalVariableDefs.obj (EPwm3RegsFile)

EPwm4RegsFile 
*          1    000068c0    00000022     UNINITIALIZED
                  000068c0    00000022     DSP2833x_GlobalVariableDefs.obj (EPwm4RegsFile)

EPwm5RegsFile 
*          1    00006900    00000022     UNINITIALIZED
                  00006900    00000022     DSP2833x_GlobalVariableDefs.obj (EPwm5RegsFile)

EPwm6RegsFile 
*          1    00006940    00000022     UNINITIALIZED
                  00006940    00000022     DSP2833x_GlobalVariableDefs.obj (EPwm6RegsFile)

ECap1RegsFile 
*          1    00006a00    00000020     UNINITIALIZED
                  00006a00    00000020     DSP2833x_GlobalVariableDefs.obj (ECap1RegsFile)

ECap2RegsFile 
*          1    00006a20    00000020     UNINITIALIZED
                  00006a20    00000020     DSP2833x_GlobalVariableDefs.obj (ECap2RegsFile)

ECap3RegsFile 
*          1    00006a40    00000020     UNINITIALIZED
                  00006a40    00000020     DSP2833x_GlobalVariableDefs.obj (ECap3RegsFile)

ECap4RegsFile 
*          1    00006a60    00000020     UNINITIALIZED
                  00006a60    00000020     DSP2833x_GlobalVariableDefs.obj (ECap4RegsFile)

ECap5RegsFile 
*          1    00006a80    00000020     UNINITIALIZED
                  00006a80    00000020     DSP2833x_GlobalVariableDefs.obj (ECap5RegsFile)

ECap6RegsFile 
*          1    00006aa0    00000020     UNINITIALIZED
                  00006aa0    00000020     DSP2833x_GlobalVariableDefs.obj (ECap6RegsFile)

EQep1RegsFile 
*          1    00006b00    00000040     UNINITIALIZED
                  00006b00    00000040     DSP2833x_GlobalVariableDefs.obj (EQep1RegsFile)

EQep2RegsFile 
*          1    00006b40    00000040     UNINITIALIZED
                  00006b40    00000040     DSP2833x_GlobalVariableDefs.obj (EQep2RegsFile)

GpioCtrlRegsFile 
*          1    00006f80    0000002e     UNINITIALIZED
                  00006f80    0000002e     DSP2833x_GlobalVariableDefs.obj (GpioCtrlRegsFile)

GpioDataRegsFile 
*          1    00006fc0    00000020     UNINITIALIZED
                  00006fc0    00000020     DSP2833x_GlobalVariableDefs.obj (GpioDataRegsFile)

GpioIntRegsFile 
*          1    00006fe0    0000000a     UNINITIALIZED
                  00006fe0    0000000a     DSP2833x_GlobalVariableDefs.obj (GpioIntRegsFile)

SysCtrlRegsFile 
*          1    00007010    00000020     UNINITIALIZED
                  00007010    00000020     DSP2833x_GlobalVariableDefs.obj (SysCtrlRegsFile)

SpiaRegsFile 
*          1    00007040    00000010     UNINITIALIZED
                  00007040    00000010     DSP2833x_GlobalVariableDefs.obj (SpiaRegsFile)

SciaRegsFile 
*          1    00007050    00000010     UNINITIALIZED
                  00007050    00000010     DSP2833x_GlobalVariableDefs.obj (SciaRegsFile)

XIntruptRegsFile 
*          1    00007070    00000010     UNINITIALIZED
                  00007070    00000010     DSP2833x_GlobalVariableDefs.obj (XIntruptRegsFile)

AdcRegsFile 
*          1    00007100    0000001e     UNINITIALIZED
                  00007100    0000001e     DSP2833x_GlobalVariableDefs.obj (AdcRegsFile)

ScibRegsFile 
*          1    00007750    00000010     UNINITIALIZED
                  00007750    00000010     DSP2833x_GlobalVariableDefs.obj (ScibRegsFile)

ScicRegsFile 
*          1    00007770    00000010     UNINITIALIZED
                  00007770    00000010     DSP2833x_GlobalVariableDefs.obj (ScicRegsFile)

I2caRegsFile 
*          1    00007900    00000022     UNINITIALIZED
                  00007900    00000022     DSP2833x_GlobalVariableDefs.obj (I2caRegsFile)

.bss       1    00008000    00000000     UNINITIALIZED

.econst    1    00008000    00000108     
                  00008000    00000100     DSP2833x_PieVect.obj (.econst)
                  00008100    00000004     rts2800_fpu32.lib : asin.obj (.econst:_c$1)
                  00008104    00000002     modify_test1.obj (.econst)
                  00008106    00000002     rtGetNaN.obj (.econst)

.data      1    00008000    00000000     UNINITIALIZED

.ebss      1    00008108    00000079     UNINITIALIZED
                  00008108    00000018     DSP2833x_CpuTimers.obj (.ebss)
                  00008120    0000000e     modify_test1.obj (.ebss)
                  0000812e    0000000c     rt_nonfinite.obj (.ebss)
                  0000813a    00000004     rts2800_fpu32.lib : _lock.obj (.ebss)
                  0000813e    00000002     modify_test1_main.obj (.ebss)
                  00008140    0000003c     modify_test1_data.obj (.ebss)
                  0000817c    00000004     rts2800_fpu32.lib : exit.obj (.ebss)
                  00008180    00000001                       : errno.obj (.ebss)

CsmPwlFile 
*          1    0033fff8    00000008     UNINITIALIZED
                  0033fff8    00000008     DSP2833x_GlobalVariableDefs.obj (CsmPwlFile)


GLOBAL SYMBOLS: SORTED ALPHABETICALLY BY Name 

address    name
--------   ----
00008000   .bss
00008000   .data
0000c000   .text
0000d52f   C$$EXIT
0000cdfe   FS$$DIV
0000d498   I$$DIV
0000d4a9   I$$MOD
0000ca29   _ADCINT_ISR
00380080   _ADC_cal
00000b00   _AdcMirror
00007100   _AdcRegs
0000cfc8   _ConfigCpuTimer
00008118   _CpuTimer0
00000c00   _CpuTimer0Regs
00008108   _CpuTimer1
00000c08   _CpuTimer1Regs
00008110   _CpuTimer2
00000c10   _CpuTimer2Regs
0033fff8   _CsmPwl
00000ae0   _CsmRegs
0000cd1d   _CsmUnlock
0000c957   _DATALOG_ISR
0000cb4b   _DINTCH1_ISR
0000cb55   _DINTCH2_ISR
0000cb5f   _DINTCH3_ISR
0000cb69   _DINTCH4_ISR
0000cb73   _DINTCH5_ISR
0000cb7d   _DINTCH6_ISR
0000c541   _DMACH1AddrConfig
0000c553   _DMACH1BurstConfig
0000c588   _DMACH1ModeConfig
0000c564   _DMACH1TransferConfig
0000c575   _DMACH1WrapConfig
0000c5ec   _DMACH2AddrConfig
0000c5fe   _DMACH2BurstConfig
0000c633   _DMACH2ModeConfig
0000c60f   _DMACH2TransferConfig
0000c620   _DMACH2WrapConfig
0000c697   _DMACH3AddrConfig
0000c6a9   _DMACH3BurstConfig
0000c6de   _DMACH3ModeConfig
0000c6ba   _DMACH3TransferConfig
0000c6cb   _DMACH3WrapConfig
0000c742   _DMACH4AddrConfig
0000c754   _DMACH4BurstConfig
0000c789   _DMACH4ModeConfig
0000c765   _DMACH4TransferConfig
0000c776   _DMACH4WrapConfig
0000c7ed   _DMACH5AddrConfig
0000c7ff   _DMACH5BurstConfig
0000c834   _DMACH5ModeConfig
0000c810   _DMACH5TransferConfig
0000c821   _DMACH5WrapConfig
0000c898   _DMACH6AddrConfig
0000c8aa   _DMACH6BurstConfig
0000c8df   _DMACH6ModeConfig
0000c8bb   _DMACH6TransferConfig
0000c8cc   _DMACH6WrapConfig
0000c537   _DMAInitialize
0000d61e   _DSP28x_usDelay
00000880   _DevEmuRegs
0000cc6c   _DisableDog
00001000   _DmaRegs
0000cbd7   _ECAN0INTA_ISR
0000cbeb   _ECAN0INTB_ISR
0000cbe1   _ECAN1INTA_ISR
0000cbf5   _ECAN1INTB_ISR
0000cabf   _ECAP1_INT_ISR
0000cac9   _ECAP2_INT_ISR
0000cad3   _ECAP3_INT_ISR
0000cadd   _ECAP4_INT_ISR
0000cae7   _ECAP5_INT_ISR
0000caf1   _ECAP6_INT_ISR
00006040   _ECanaLAMRegs
000060c0   _ECanaMOTORegs
00006080   _ECanaMOTSRegs
00006100   _ECanaMboxes
00006000   _ECanaRegs
00006240   _ECanbLAMRegs
000062c0   _ECanbMOTORegs
00006280   _ECanbMOTSRegs
00006300   _ECanbMboxes
00006200   _ECanbRegs
00006a00   _ECap1Regs
00006a20   _ECap2Regs
00006a40   _ECap3Regs
00006a60   _ECap4Regs
00006a80   _ECap5Regs
00006aa0   _ECap6Regs
0000c96b   _EMUINT_ISR
0000ca83   _EPWM1_INT_ISR
0000ca47   _EPWM1_TZINT_ISR
0000ca8d   _EPWM2_INT_ISR
0000ca51   _EPWM2_TZINT_ISR
0000ca97   _EPWM3_INT_ISR
0000ca5b   _EPWM3_TZINT_ISR
0000caa1   _EPWM4_INT_ISR
0000ca65   _EPWM4_TZINT_ISR
0000caab   _EPWM5_INT_ISR
0000ca6f   _EPWM5_TZINT_ISR
0000cab5   _EPWM6_INT_ISR
0000ca79   _EPWM6_TZINT_ISR
00006800   _EPwm1Regs
00006840   _EPwm2Regs
00006880   _EPwm3Regs
000068c0   _EPwm4Regs
00006900   _EPwm5Regs
00006940   _EPwm6Regs
0000cafb   _EQEP1_INT_ISR
0000cb05   _EQEP2_INT_ISR
00006b00   _EQep1Regs
00006b40   _EQep2Regs
0000d469   _EnableInterrupts
00000a80   _FlashRegs
00006f80   _GpioCtrlRegs
00006fc0   _GpioDataRegs
00006fe0   _GpioIntRegs
0000cb87   _I2CINT1A_ISR
0000cb91   _I2CINT2A_ISR
00007900   _I2caRegs
0000c97f   _ILLEGAL_ISR
0000c943   _INT13_ISR
0000c94d   _INT14_ISR
0000cf89   _InitCpuTimers
0000d603   _InitFlash
0000ccc2   _InitPeripheralClocks
0000d44a   _InitPieCtrl
0000d4ba   _InitPieVectTable
0000cc74   _InitPll
0000cc59   _InitSysCtrl
0000cf6b   _InitXintf16Gpio
0000813e   _IsrOverrun
0000cc3b   _LUF_ISR
0000cc31   _LVF_ISR
0000cb37   _MRINTA_ISR
0000cb23   _MRINTB_ISR
0000cb41   _MXINTA_ISR
0000cb2d   _MXINTB_ISR
00005000   _McbspaRegs
00005040   _McbspbRegs
0000d548   _MemCopy
0000c975   _NMI_ISR
0000cc45   _PIE_RESERVED
00000ce0   _PieCtrlRegs
00000d00   _PieVectTable
00008000   _PieVectTableInit
0000c961   _RTOSINT_ISR
0000cbaf   _SCIRXINTA_ISR
0000cbc3   _SCIRXINTB_ISR
0000cb9b   _SCIRXINTC_ISR
0000cbb9   _SCITXINTA_ISR
0000cbcd   _SCITXINTB_ISR
0000cba5   _SCITXINTC_ISR
0000ca01   _SEQ1INT_ISR
0000ca0b   _SEQ2INT_ISR
0000cb0f   _SPIRXINTA_ISR
0000cb19   _SPITXINTA_ISR
00007050   _SciaRegs
00007750   _ScibRegs
00007770   _ScicRegs
0000cc62   _ServiceDog
00007040   _SpiaRegs
0000c5e4   _StartDMACH1
0000c68f   _StartDMACH2
0000c73a   _StartDMACH3
0000c7e5   _StartDMACH4
0000c890   _StartDMACH5
0000c93b   _StartDMACH6
00007010   _SysCtrlRegs
0000ca33   _TINT0_ISR
0000cd6b   _TINT0_isr
0000c9e3   _USER10_ISR
0000c9ed   _USER11_ISR
0000c9f7   _USER12_ISR
0000c989   _USER1_ISR
0000c993   _USER2_ISR
0000c99d   _USER3_ISR
0000c9a7   _USER4_ISR
0000c9b1   _USER5_ISR
0000c9bb   _USER6_ISR
0000c9c5   _USER7_ISR
0000c9cf   _USER8_ISR
0000c9d9   _USER9_ISR
0000ca3d   _WAKEINT_ISR
0000ca15   _XINT1_ISR
0000ca1f   _XINT2_ISR
0000cbff   _XINT3_ISR
0000cc09   _XINT4_ISR
0000cc13   _XINT5_ISR
0000cc1d   _XINT6_ISR
0000cc27   _XINT7_ISR
00007070   _XIntruptRegs
00000b20   _XintfRegs
00000600   __STACK_END
00000200   __STACK_SIZE
00000001   __TI_args_main
ffffffff   ___binit__
00008000   ___bss__
ffffffff   ___c_args__
0000d5a3   ___cinit__
00008000   ___data__
00008000   ___edata__
00008000   ___end__
0000d5a3   ___etext__
ffffffff   ___pinit__
0000c000   ___text__
0000d4fa   __args_main
0000817c   __cleanup_ptr
0000817e   __dtors_ptr
0000813c   __lock
0000d2bc   __log
0000d593   __nop
0000d58f   __register_lock
0000d58b   __register_unlock
00000400   __stack
0000813a   __unlock
0000d52f   _abort
0000d002   _asin
0000d28b   _byteswap_L8exp
0000d355   _c_int00
00008124   _cnt1
00008128   _cnt2
0000cec6   _config_QEP_eQEP1
0000ce86   _config_QEP_eQEP2
0000d55f   _config_ePWM_GPIO
0000cd4e   _config_schedulerTimer
0000d158   _cos
0000cd5f   _disableWatchdog
0000cdbf   _disable_interrupts
0000cdae   _enable_interrupts
00008180   _errno
0000d531   _exit
0000d0eb   _exp
0000d418   _fmod
0000d575   _frexp
0000cdc4   _init_SCI
0000cdf1   _init_SCI_GPIO
0000cf0a   _init_board
0000d3df   _ldexp
0000d32d   _main
0000d59c   _memset
0000d515   _modf
00008126   _modify_test1_B
0000812a   _modify_test1_DWork
00008104   _modify_test1_M
00008122   _modify_test1_M_
00008140   _modify_test1_P
0000c47a   _modify_test1_initialize
0000c14f   _modify_test1_step
0000c536   _modify_test1_terminate
0000d212   _pow
0000cc4f   _rsvd_ISR
0000d39b   _rtGetInf
0000d3b4   _rtGetInfF
0000d3bd   _rtGetMinusInf
0000d3d6   _rtGetMinusInfF
0000d472   _rtGetNaN
0000d48b   _rtGetNaNF
00008130   _rtInf
00008136   _rtInfF
0000d09f   _rtIsInf
0000d0b7   _rtIsInfF
0000d0cf   _rtIsNaN
0000d0dd   _rtIsNaNF
0000812e   _rtMinusInf
00008134   _rtMinusInfF
00008132   _rtNaN
00008138   _rtNaNF
0000d077   _rt_InitInfAndNaN
0000d30a   _rt_OneStep
0000c04d   _rt_modd_snf
0000c0c0   _rt_powd_snf
0000c026   _rt_roundd_snf
0000d26a   _scia_xmit
0000d1b6   _sin
0000d4da   _sqrt
00008120   _thre
ffffffff   binit
0000d5a3   cinit
00000000   code_start
00008000   edata
00008000   end
0000d5a3   etext
ffffffff   pinit


GLOBAL SYMBOLS: SORTED BY Symbol Address 

address    name
--------   ----
00000000   code_start
00000001   __TI_args_main
00000200   __STACK_SIZE
00000400   __stack
00000600   __STACK_END
00000880   _DevEmuRegs
00000a80   _FlashRegs
00000ae0   _CsmRegs
00000b00   _AdcMirror
00000b20   _XintfRegs
00000c00   _CpuTimer0Regs
00000c08   _CpuTimer1Regs
00000c10   _CpuTimer2Regs
00000ce0   _PieCtrlRegs
00000d00   _PieVectTable
00001000   _DmaRegs
00005000   _McbspaRegs
00005040   _McbspbRegs
00006000   _ECanaRegs
00006040   _ECanaLAMRegs
00006080   _ECanaMOTSRegs
000060c0   _ECanaMOTORegs
00006100   _ECanaMboxes
00006200   _ECanbRegs
00006240   _ECanbLAMRegs
00006280   _ECanbMOTSRegs
000062c0   _ECanbMOTORegs
00006300   _ECanbMboxes
00006800   _EPwm1Regs
00006840   _EPwm2Regs
00006880   _EPwm3Regs
000068c0   _EPwm4Regs
00006900   _EPwm5Regs
00006940   _EPwm6Regs
00006a00   _ECap1Regs
00006a20   _ECap2Regs
00006a40   _ECap3Regs
00006a60   _ECap4Regs
00006a80   _ECap5Regs
00006aa0   _ECap6Regs
00006b00   _EQep1Regs
00006b40   _EQep2Regs
00006f80   _GpioCtrlRegs
00006fc0   _GpioDataRegs
00006fe0   _GpioIntRegs
00007010   _SysCtrlRegs
00007040   _SpiaRegs
00007050   _SciaRegs
00007070   _XIntruptRegs
00007100   _AdcRegs
00007750   _ScibRegs
00007770   _ScicRegs
00007900   _I2caRegs
00008000   .bss
00008000   .data
00008000   _PieVectTableInit
00008000   ___bss__
00008000   ___data__
00008000   ___edata__
00008000   ___end__
00008000   edata
00008000   end
00008104   _modify_test1_M
00008108   _CpuTimer1
00008110   _CpuTimer2
00008118   _CpuTimer0
00008120   _thre
00008122   _modify_test1_M_
00008124   _cnt1
00008126   _modify_test1_B
00008128   _cnt2
0000812a   _modify_test1_DWork
0000812e   _rtMinusInf
00008130   _rtInf
00008132   _rtNaN
00008134   _rtMinusInfF
00008136   _rtInfF
00008138   _rtNaNF
0000813a   __unlock
0000813c   __lock
0000813e   _IsrOverrun
00008140   _modify_test1_P
0000817c   __cleanup_ptr
0000817e   __dtors_ptr
00008180   _errno
0000c000   .text
0000c000   ___text__
0000c026   _rt_roundd_snf
0000c04d   _rt_modd_snf
0000c0c0   _rt_powd_snf
0000c14f   _modify_test1_step
0000c47a   _modify_test1_initialize
0000c536   _modify_test1_terminate
0000c537   _DMAInitialize
0000c541   _DMACH1AddrConfig
0000c553   _DMACH1BurstConfig
0000c564   _DMACH1TransferConfig
0000c575   _DMACH1WrapConfig
0000c588   _DMACH1ModeConfig
0000c5e4   _StartDMACH1
0000c5ec   _DMACH2AddrConfig
0000c5fe   _DMACH2BurstConfig
0000c60f   _DMACH2TransferConfig
0000c620   _DMACH2WrapConfig
0000c633   _DMACH2ModeConfig
0000c68f   _StartDMACH2
0000c697   _DMACH3AddrConfig
0000c6a9   _DMACH3BurstConfig
0000c6ba   _DMACH3TransferConfig
0000c6cb   _DMACH3WrapConfig
0000c6de   _DMACH3ModeConfig
0000c73a   _StartDMACH3
0000c742   _DMACH4AddrConfig
0000c754   _DMACH4BurstConfig
0000c765   _DMACH4TransferConfig
0000c776   _DMACH4WrapConfig
0000c789   _DMACH4ModeConfig
0000c7e5   _StartDMACH4
0000c7ed   _DMACH5AddrConfig
0000c7ff   _DMACH5BurstConfig
0000c810   _DMACH5TransferConfig
0000c821   _DMACH5WrapConfig
0000c834   _DMACH5ModeConfig
0000c890   _StartDMACH5
0000c898   _DMACH6AddrConfig
0000c8aa   _DMACH6BurstConfig
0000c8bb   _DMACH6TransferConfig
0000c8cc   _DMACH6WrapConfig
0000c8df   _DMACH6ModeConfig
0000c93b   _StartDMACH6
0000c943   _INT13_ISR
0000c94d   _INT14_ISR
0000c957   _DATALOG_ISR
0000c961   _RTOSINT_ISR
0000c96b   _EMUINT_ISR
0000c975   _NMI_ISR
0000c97f   _ILLEGAL_ISR
0000c989   _USER1_ISR
0000c993   _USER2_ISR
0000c99d   _USER3_ISR
0000c9a7   _USER4_ISR
0000c9b1   _USER5_ISR
0000c9bb   _USER6_ISR
0000c9c5   _USER7_ISR
0000c9cf   _USER8_ISR
0000c9d9   _USER9_ISR
0000c9e3   _USER10_ISR
0000c9ed   _USER11_ISR
0000c9f7   _USER12_ISR
0000ca01   _SEQ1INT_ISR
0000ca0b   _SEQ2INT_ISR
0000ca15   _XINT1_ISR
0000ca1f   _XINT2_ISR
0000ca29   _ADCINT_ISR
0000ca33   _TINT0_ISR
0000ca3d   _WAKEINT_ISR
0000ca47   _EPWM1_TZINT_ISR
0000ca51   _EPWM2_TZINT_ISR
0000ca5b   _EPWM3_TZINT_ISR
0000ca65   _EPWM4_TZINT_ISR
0000ca6f   _EPWM5_TZINT_ISR
0000ca79   _EPWM6_TZINT_ISR
0000ca83   _EPWM1_INT_ISR
0000ca8d   _EPWM2_INT_ISR
0000ca97   _EPWM3_INT_ISR
0000caa1   _EPWM4_INT_ISR
0000caab   _EPWM5_INT_ISR
0000cab5   _EPWM6_INT_ISR
0000cabf   _ECAP1_INT_ISR
0000cac9   _ECAP2_INT_ISR
0000cad3   _ECAP3_INT_ISR
0000cadd   _ECAP4_INT_ISR
0000cae7   _ECAP5_INT_ISR
0000caf1   _ECAP6_INT_ISR
0000cafb   _EQEP1_INT_ISR
0000cb05   _EQEP2_INT_ISR
0000cb0f   _SPIRXINTA_ISR
0000cb19   _SPITXINTA_ISR
0000cb23   _MRINTB_ISR
0000cb2d   _MXINTB_ISR
0000cb37   _MRINTA_ISR
0000cb41   _MXINTA_ISR
0000cb4b   _DINTCH1_ISR
0000cb55   _DINTCH2_ISR
0000cb5f   _DINTCH3_ISR
0000cb69   _DINTCH4_ISR
0000cb73   _DINTCH5_ISR
0000cb7d   _DINTCH6_ISR
0000cb87   _I2CINT1A_ISR
0000cb91   _I2CINT2A_ISR
0000cb9b   _SCIRXINTC_ISR
0000cba5   _SCITXINTC_ISR
0000cbaf   _SCIRXINTA_ISR
0000cbb9   _SCITXINTA_ISR
0000cbc3   _SCIRXINTB_ISR
0000cbcd   _SCITXINTB_ISR
0000cbd7   _ECAN0INTA_ISR
0000cbe1   _ECAN1INTA_ISR
0000cbeb   _ECAN0INTB_ISR
0000cbf5   _ECAN1INTB_ISR
0000cbff   _XINT3_ISR
0000cc09   _XINT4_ISR
0000cc13   _XINT5_ISR
0000cc1d   _XINT6_ISR
0000cc27   _XINT7_ISR
0000cc31   _LVF_ISR
0000cc3b   _LUF_ISR
0000cc45   _PIE_RESERVED
0000cc4f   _rsvd_ISR
0000cc59   _InitSysCtrl
0000cc62   _ServiceDog
0000cc6c   _DisableDog
0000cc74   _InitPll
0000ccc2   _InitPeripheralClocks
0000cd1d   _CsmUnlock
0000cd4e   _config_schedulerTimer
0000cd5f   _disableWatchdog
0000cd6b   _TINT0_isr
0000cdae   _enable_interrupts
0000cdbf   _disable_interrupts
0000cdc4   _init_SCI
0000cdf1   _init_SCI_GPIO
0000cdfe   FS$$DIV
0000ce86   _config_QEP_eQEP2
0000cec6   _config_QEP_eQEP1
0000cf0a   _init_board
0000cf6b   _InitXintf16Gpio
0000cf89   _InitCpuTimers
0000cfc8   _ConfigCpuTimer
0000d002   _asin
0000d077   _rt_InitInfAndNaN
0000d09f   _rtIsInf
0000d0b7   _rtIsInfF
0000d0cf   _rtIsNaN
0000d0dd   _rtIsNaNF
0000d0eb   _exp
0000d158   _cos
0000d1b6   _sin
0000d212   _pow
0000d26a   _scia_xmit
0000d28b   _byteswap_L8exp
0000d2bc   __log
0000d30a   _rt_OneStep
0000d32d   _main
0000d355   _c_int00
0000d39b   _rtGetInf
0000d3b4   _rtGetInfF
0000d3bd   _rtGetMinusInf
0000d3d6   _rtGetMinusInfF
0000d3df   _ldexp
0000d418   _fmod
0000d44a   _InitPieCtrl
0000d469   _EnableInterrupts
0000d472   _rtGetNaN
0000d48b   _rtGetNaNF
0000d498   I$$DIV
0000d4a9   I$$MOD
0000d4ba   _InitPieVectTable
0000d4da   _sqrt
0000d4fa   __args_main
0000d515   _modf
0000d52f   C$$EXIT
0000d52f   _abort
0000d531   _exit
0000d548   _MemCopy
0000d55f   _config_ePWM_GPIO
0000d575   _frexp
0000d58b   __register_unlock
0000d58f   __register_lock
0000d593   __nop
0000d59c   _memset
0000d5a3   ___cinit__
0000d5a3   ___etext__
0000d5a3   cinit
0000d5a3   etext
0000d603   _InitFlash
0000d61e   _DSP28x_usDelay
0033fff8   _CsmPwl
00380080   _ADC_cal
ffffffff   ___binit__
ffffffff   ___c_args__
ffffffff   ___pinit__
ffffffff   binit
ffffffff   pinit

[284 symbols]
